// Jest Snapshot v1, https://goo.gl/fbAQLP

exports[`My Connected React-Redux Component should render with given state from Redux store 1`] = `
Array [
  <div
    className="k450ry-0 gHZVtW"
  >
    <div
      className="sc-1ezjdxm-0 hiYShn title"
    >
      <span>
        <h4
          className="giem5x-0 eerikB"
        >
          Room
          1
        </h4>
      </span>
    </div>
    <div
      className="sc-1b9zrps-0 ixQqWJ"
    >
      <div>
        <label
          htmlFor="adults"
        >
          Adults
        </label>
        <p>
          (18+)
        </p>
        <select
          disabled={false}
          id="adults"
          onChange={[Function]}
          value={1}
        >
          <option
            value="1"
          >
            1
          </option>
          <option
            value="2"
          >
            2
          </option>
        </select>
      </div>
      <div>
        <label
          htmlFor="children"
        >
          Children
        </label>
        <p>
          (0-17)
        </p>
        <select
          disabled={false}
          id="children"
          onChange={[Function]}
          value={0}
        >
          <option
            value="0"
          >
            0
          </option>
          <option
            value="1"
          >
            1
          </option>
          <option
            value="2"
          >
            2
          </option>
        </select>
      </div>
    </div>
  </div>,
  <div
    className="k450ry-0 fIOIaN"
  >
    <div
      className="sc-1ezjdxm-0 cocWes title"
    >
      <input
        checked={false}
        onChange={[Function]}
        type="checkbox"
      />
      <span>
        <h4
          className="giem5x-0 eerikB"
        >
          Room
          2
        </h4>
      </span>
    </div>
    <div
      className="sc-1b9zrps-0 ixQqWJ"
    >
      <div>
        <label
          htmlFor="adults"
        >
          Adults
        </label>
        <p>
          (18+)
        </p>
        <select
          disabled={true}
          id="adults"
          onChange={[Function]}
          value={1}
        >
          <option
            value="1"
          >
            1
          </option>
          <option
            value="2"
          >
            2
          </option>
        </select>
      </div>
      <div>
        <label
          htmlFor="children"
        >
          Children
        </label>
        <p>
          (0-17)
        </p>
        <select
          disabled={true}
          id="children"
          onChange={[Function]}
          value={0}
        >
          <option
            value="0"
          >
            0
          </option>
          <option
            value="1"
          >
            1
          </option>
          <option
            value="2"
          >
            2
          </option>
        </select>
      </div>
    </div>
  </div>,
  <div
    className="k450ry-0 fIOIaN"
  >
    <div
      className="sc-1ezjdxm-0 cocWes title"
    >
      <input
        checked={false}
        onChange={[Function]}
        type="checkbox"
      />
      <span>
        <h4
          className="giem5x-0 eerikB"
        >
          Room
          3
        </h4>
      </span>
    </div>
    <div
      className="sc-1b9zrps-0 ixQqWJ"
    >
      <div>
        <label
          htmlFor="adults"
        >
          Adults
        </label>
        <p>
          (18+)
        </p>
        <select
          disabled={true}
          id="adults"
          onChange={[Function]}
          value={1}
        >
          <option
            value="1"
          >
            1
          </option>
          <option
            value="2"
          >
            2
          </option>
        </select>
      </div>
      <div>
        <label
          htmlFor="children"
        >
          Children
        </label>
        <p>
          (0-17)
        </p>
        <select
          disabled={true}
          id="children"
          onChange={[Function]}
          value={0}
        >
          <option
            value="0"
          >
            0
          </option>
          <option
            value="1"
          >
            1
          </option>
          <option
            value="2"
          >
            2
          </option>
        </select>
      </div>
    </div>
  </div>,
  <div
    className="k450ry-0 fIOIaN"
  >
    <div
      className="sc-1ezjdxm-0 cocWes title"
    >
      <input
        checked={false}
        onChange={[Function]}
        type="checkbox"
      />
      <span>
        <h4
          className="giem5x-0 eerikB"
        >
          Room
          4
        </h4>
      </span>
    </div>
    <div
      className="sc-1b9zrps-0 ixQqWJ"
    >
      <div>
        <label
          htmlFor="adults"
        >
          Adults
        </label>
        <p>
          (18+)
        </p>
        <select
          disabled={true}
          id="adults"
          onChange={[Function]}
          value={1}
        >
          <option
            value="1"
          >
            1
          </option>
          <option
            value="2"
          >
            2
          </option>
        </select>
      </div>
      <div>
        <label
          htmlFor="children"
        >
          Children
        </label>
        <p>
          (0-17)
        </p>
        <select
          disabled={true}
          id="children"
          onChange={[Function]}
          value={0}
        >
          <option
            value="0"
          >
            0
          </option>
          <option
            value="1"
          >
            1
          </option>
          <option
            value="2"
          >
            2
          </option>
        </select>
      </div>
    </div>
  </div>,
]
`;
