// Jest Snapshot v1, https://goo.gl/fbAQLP

exports[`Should properly render style component 1`] = `
.c0 {
  display: -webkit-box;
  display: -webkit-flex;
  display: -ms-flexbox;
  display: flex;
  -webkit-flex-direction: column;
  -ms-flex-direction: column;
  flex-direction: column;
  min-width: 140px;
  border-style: solid;
  border-color: #ededed;
  border-radius: 5px;
  margin-bottom: 10px;
  margin-right: 10px;
}

<div
  className="c0"
/>
`;
